scripts/demo-service-intelligence.ts(215,50): error TS2339: Property 'length' does not exist on type 'string | Blob'.
scripts/demo-service-intelligence.ts(230,48): error TS2339: Property 'length' does not exist on type 'string | Blob'.
scripts/demo-service-intelligence.ts(332,9): error TS2820: Type '"order_created"' is not assignable to type 'ReplayEventType'. Did you mean '"ORDER_CREATED"'?
scripts/ocr-p0-inventory-safety-test.ts(366,50): error TS2345: Argument of type 'boolean | null | undefined' is not assignable to parameter of type 'boolean'.
scripts/recovery/validate-tables.ts(16,46): error TS2737: BigInt literals are not available when targeting lower than ES2020.
src/app/api/daily-briefings/generate/route.ts(19,22): error TS2551: Property 'role' does not exist on type '{ id?: string | undefined; name?: string | null | undefined; email?: string | null | undefined; image?: string | null | undefined; phone?: string | null | undefined; roles?: string[] | undefined; }'. Did you mean 'roles'?
src/app/api/daily-briefings/generate/route.ts(19,57): error TS2551: Property 'role' does not exist on type '{ id?: string | undefined; name?: string | null | undefined; email?: string | null | undefined; image?: string | null | undefined; phone?: string | null | undefined; roles?: string[] | undefined; }'. Did you mean 'roles'?
src/app/api/daily-briefings/generate/route.ts(27,37): error TS2339: Property 'businessId' does not exist on type '{ id?: string | undefined; name?: string | null | undefined; email?: string | null | undefined; image?: string | null | undefined; phone?: string | null | undefined; roles?: string[] | undefined; }'.
src/app/api/multi-location-intelligence/generate/route.ts(17,85): error TS2551: Property 'role' does not exist on type '{ id?: string | undefined; name?: string | null | undefined; email?: string | null | undefined; image?: string | null | undefined; phone?: string | null | undefined; roles?: string[] | undefined; }'. Did you mean 'roles'?
src/app/api/multi-location-intelligence/generate/route.ts(24,41): error TS2339: Property 'organizationId' does not exist on type '{ id?: string | undefined; name?: string | null | undefined; email?: string | null | undefined; image?: string | null | undefined; phone?: string | null | undefined; roles?: string[] | undefined; }'.
src/app/api/service-intelligence/export/route.ts(23,39): error TS2551: Property 'serviceIntelligenceReport' does not exist on type 'PrismaClient<PrismaClientOptions, never, DefaultArgs>'. Did you mean 'intelligenceReport'?
src/app/api/service-intelligence/export/route.ts(32,50): error TS2339: Property 'businessId' does not exist on type '{ id?: string | undefined; name?: string | null | undefined; email?: string | null | undefined; image?: string | null | undefined; phone?: string | null | undefined; roles?: string[] | undefined; }'.
src/lib/ai-copilot/service.ts(161,39): error TS2339: Property 'timeRange' does not exist on type 'QueryFilters'.
src/lib/ai-copilot/service.ts(171,9): error TS2741: Property 'durationMinutes' is missing in type '{ start: any; end: any; label: any; }' but required in type 'TimeRange'.
src/lib/cron.ts(710,17): error TS2322: Type '"warning"' is not assignable to type '"info" | "warn" | "error"'.
src/lib/daily-briefings/briefing-builder.ts(97,42): error TS2339: Property 'completedOrders' does not exist on type 'ServiceSummary'.
src/lib/daily-briefings/briefing-builder.ts(98,42): error TS2339: Property 'cancelledOrders' does not exist on type 'ServiceSummary'.
src/lib/daily-briefings/service.ts(141,9): error TS2741: Property 'durationMinutes' is missing in type '{ start: string; end: string; label: string; }' but required in type 'TimeRange'.
src/lib/daily-briefings/service.ts(230,50): error TS2339: Property 'events' does not exist on type 'KnowledgeTimeline'.
src/lib/intelligence/customer-journey.ts(58,27): error TS2345: Argument of type 'OperationalEvent' is not assignable to parameter of type 'never'.
src/lib/intelligence/engine.ts(137,11): error TS2322: Type 'Record<string, Record<string, number>> | undefined' is not assignable to type 'Record<string, number> | undefined'.
src/lib/intelligence/integration-helper.ts(107,12): error TS2352: Conversion of type 'string | number | boolean | JsonObject | JsonArray | null' to type 'StructuredIntelligenceReport' may be a mistake because neither type sufficiently overlaps with the other. If this was intentional, convert the expression to 'unknown' first.
src/lib/intelligence/integration-helper.ts(132,28): error TS2339: Property 'confidenceMetrics' does not exist on type 'StructuredIntelligenceReport'.
src/lib/intelligence/integration-helper.ts(133,43): error TS2339: Property 'evidenceRegistry' does not exist on type 'StructuredIntelligenceReport'.
src/lib/intelligence/integration-helper.ts(172,5): error TS2322: Type '{ id: string; type: string; timestamp: string; data: any; businessId: string; }[]' is not assignable to type 'OperationalEvent[]'.
src/lib/intelligence/integration-helper.ts(196,5): error TS2322: Type 'string[] | undefined' is not assignable to type 'KnowledgeCategory[] | undefined'.
src/lib/intelligence/integration-helper.ts(61,35): error TS2339: Property 'process' does not exist on type 'PipelineBuilder'.
src/lib/intelligence/kitchen.ts(158,5): error TS2741: Property 'durationSeconds' is missing in type '{ timestamp: string; queueSize: number; activeOrders: number; duration: number; }' but required in type 'PeakLoad'.
src/lib/intelligence/patterns.ts(157,27): error TS2367: This comparison appears to be unintentional because the types 'Trend' and '"increasing"' have no overlap.
src/lib/intelligence/patterns.ts(176,39): error TS2322: Type '"increasing"' is not assignable to type 'Trend'.
src/lib/intelligence/patterns.ts(177,39): error TS2322: Type '"decreasing"' is not assignable to type 'Trend'.
src/lib/intelligence/pipeline/stages/analysis.ts(123,13): error TS2322: Type 'Record<string, Record<string, number>> | undefined' is not assignable to type 'Record<string, number> | undefined'.
src/lib/intelligence/recommendations.ts(177,50): error TS2367: This comparison appears to be unintentional because the types 'Trend' and '"increasing"' have no overlap.
src/lib/kitchen-intelligence/service.ts(139,9): error TS2741: Property 'durationMinutes' is missing in type '{ start: string; end: string; label: string; }' but required in type 'TimeRange'.
src/lib/menu-intelligence/service.ts(98,9): error TS2741: Property 'durationMinutes' is missing in type '{ start: string; end: string; label: string; }' but required in type 'TimeRange'.
src/lib/multi-location-intelligence/service.ts(102,11): error TS2741: Property 'durationMinutes' is missing in type '{ start: string; end: string; label: string; }' but required in type 'TimeRange'.
src/lib/service-intelligence/v2/config.ts(17,7): error TS2741: Property 'description' is missing in type '{ id: string; name: string; weight: number; benchmark: number; unit: string; higherIsBetter: false; }' but required in type 'ScoringDimensionConfig'.
src/lib/service-intelligence/v2/config.ts(25,7): error TS2741: Property 'description' is missing in type '{ id: string; name: string; weight: number; benchmark: number; unit: string; higherIsBetter: false; }' but required in type 'ScoringDimensionConfig'.
src/lib/service-intelligence/v2/config.ts(33,7): error TS2741: Property 'description' is missing in type '{ id: string; name: string; weight: number; benchmark: number; unit: string; higherIsBetter: true; }' but required in type 'ScoringDimensionConfig'.
src/lib/service-intelligence/v2/config.ts(41,7): error TS2741: Property 'description' is missing in type '{ id: string; name: string; weight: number; benchmark: number; unit: string; higherIsBetter: true; }' but required in type 'ScoringDimensionConfig'.
src/lib/service-intelligence/v2/config.ts(49,7): error TS2741: Property 'description' is missing in type '{ id: string; name: string; weight: number; benchmark: number; unit: string; higherIsBetter: false; }' but required in type 'ScoringDimensionConfig'.
src/lib/service-intelligence/v2/config.ts(83,5): error TS2353: Object literal may only specify known properties, and 'global' does not exist in type 'ProblemThresholds'.
src/lib/service-intelligence/v2/dashboard-builder.ts(217,31): error TS2339: Property 'affectedCount' does not exist on type 'Problem'.
src/lib/service-intelligence/v2/dashboard-builder.ts(279,26): error TS2339: Property 'confidence' does not exist on type 'CriticalMoment'.
src/lib/service-intelligence/v2/dashboard-builder.ts(289,26): error TS2339: Property 'avgWorkload' does not exist on type 'StaffAnalysis'.
src/lib/service-intelligence/v2/dashboard-builder.ts(296,7): error TS2322: Type 'WorkloadDistribution' is not assignable to type 'string'.
src/lib/service-intelligence/v2/dashboard-builder.ts(307,41): error TS2339: Property 'utilization' does not exist on type 'PeakLoad'.
src/lib/service-intelligence/v2/dashboard-builder.ts(308,29): error TS2339: Property 'avgQueueSize' does not exist on type 'KitchenAnalysis'.
src/lib/service-intelligence/v2/dashboard-builder.ts(309,28): error TS2339: Property 'bottlenecks' does not exist on type 'KitchenAnalysis'.
src/lib/service-intelligence/v2/dashboard-builder.ts(309,45): error TS7006: Parameter 'b' implicitly has an 'any' type.
src/lib/service-intelligence/v2/dashboard-builder.ts(320,46): error TS2339: Property 'avgDurationMinutes' does not exist on type 'JourneyStage'.
src/lib/service-intelligence/v2/dashboard-builder.ts(321,26): error TS2339: Property 'avgDurationMinutes' does not exist on type 'JourneyStage'.
src/lib/service-intelligence/v2/dashboard-builder.ts(327,52): error TS2551: Property 'stage' does not exist on type 'JourneyBottleneck'. Did you mean 'stageId'?
src/lib/service-intelligence/v2/dashboard-builder.ts(334,5): error TS2322: Type '{ id: string; title: string; description: string; type: string; frequency: string; occurrences: PatternOccurrence[]; confidence: number; predictability: number; evidenceCount: number; replayLink: string; }[]' is not assignable to type 'PatternCard[]'.
src/lib/service-intelligence/v2/event-transformer.ts(45,25): error TS2339: Property 'duration' does not exist on type 'ReplayEvent'.
src/lib/service-intelligence/v2/event-transformer.ts(47,18): error TS2339: Property 'details' does not exist on type 'ReplayEvent'.
src/lib/service-intelligence/v2/service.ts(220,7): error TS2322: Type '"previous_day" | "previous_week" | "previous_month" | undefined' is not assignable to type 'ComparisonPeriod | undefined'.
src/lib/services/auth-otp.service.ts(72,45): error TS2353: Object literal may only specify known properties, and 'pendingToken' does not exist in type 'Without<UserLoginOtpCreateInput, UserLoginOtpUncheckedCreateInput> & UserLoginOtpUncheckedCreateInput'.
src/lib/services/intelligence/cfo-financial-impact.service.ts(204,9): error TS2322: Type '"SUBSCRIPTION_CHARGE"' is not assignable to type 'BillingEventType | EnumBillingEventTypeFilter<"FinancialLedgerEntry"> | undefined'.
src/lib/services/intelligence/cfo-insight-engine.service.ts(101,67): error TS2339: Property 'paymentHealth' does not exist on type 'FinancialOperationsIntelligence'.
src/lib/services/intelligence/cfo-insight-engine.service.ts(105,72): error TS2551: Property 'reconciliationHealth' does not exist on type 'FinancialOperationsIntelligence'. Did you mean 'reconciliation'?
src/lib/services/intelligence/cfo-narrative.service.ts(282,36): error TS2339: Property 'paymentHealth' does not exist on type 'FinancialOperationsIntelligence'.
src/lib/services/intelligence/cfo-signal-correlation.service.ts(65,37): error TS2339: Property 'getHealth' does not exist on type 'typeof ReconciliationWatchdogService'.
src/lib/services/intelligence/customer-health-score.service.ts(229,27): error TS2304: Cannot find name 'subDays'.
src/lib/services/intelligence/customer-health-score.service.ts(230,26): error TS2304: Cannot find name 'subDays'.
src/lib/services/intelligence/customer-health-score.service.ts(231,27): error TS2304: Cannot find name 'subDays'.
src/lib/services/intelligence/executive-summary.service.ts(500,13): error TS2322: Type '"SUBSCRIPTION_CHARGE"' is not assignable to type 'BillingEventType | EnumBillingEventTypeFilter<"FinancialLedgerEntry"> | undefined'.
src/lib/services/intelligence/executive-summary.service.ts(508,13): error TS2322: Type '"SUBSCRIPTION_CHARGE"' is not assignable to type 'BillingEventType | EnumBillingEventTypeFilter<"FinancialLedgerEntry"> | undefined'.
src/lib/services/intelligence/executive-summary.service.ts(552,20): error TS18048: 'currentMRR._sum' is possibly 'undefined'.
src/lib/services/intelligence/executive-summary.service.ts(553,24): error TS18048: 'lastMRR._sum' is possibly 'undefined'.
src/lib/services/intelligence/executive-summary.service.ts(699,11): error TS2322: Type '"SUBSCRIPTION_CHARGE"' is not assignable to type 'BillingEventType | EnumBillingEventTypeFilter<"FinancialLedgerEntry"> | undefined'.
src/lib/services/intelligence/executive-summary.service.ts(707,11): error TS2322: Type '"SUBSCRIPTION_CHARGE"' is not assignable to type 'BillingEventType | EnumBillingEventTypeFilter<"FinancialLedgerEntry"> | undefined'.
src/lib/services/intelligence/executive-summary.service.ts(723,7): error TS2304: Cannot find name 'ReconciliationWatchdogService'.
src/lib/services/intelligence/financial-health.service.ts(219,9): error TS2322: Type '"SUBSCRIPTION_CHARGE"' is not assignable to type 'BillingEventType | EnumBillingEventTypeFilter<"FinancialLedgerEntry"> | undefined'.
src/lib/services/intelligence/financial-health.service.ts(230,13): error TS18048: 'result._sum' is possibly 'undefined'.
src/lib/services/intelligence/financial-operations.service.ts(42,37): error TS2339: Property 'getHealth' does not exist on type 'typeof ReconciliationWatchdogService'.
src/lib/services/intelligence/financial-priorities.service.ts(60,37): error TS2339: Property 'getHealth' does not exist on type 'typeof ReconciliationWatchdogService'.
src/lib/services/intelligence/revenue-intelligence.service.ts(104,9): error TS2322: Type '"MARKETPLACE_SALE"' is not assignable to type 'BillingEventType | EnumBillingEventTypeFilter<"FinancialLedgerEntry"> | undefined'.
src/lib/services/intelligence/revenue-intelligence.service.ts(119,27): error TS18048: 'subscriptionResult._sum' is possibly 'undefined'.
src/lib/services/intelligence/revenue-intelligence.service.ts(120,26): error TS18048: 'marketplaceResult._sum' is possibly 'undefined'.
src/lib/services/intelligence/revenue-intelligence.service.ts(139,7): error TS2322: Type '"customerId"[]' is not assignable to type 'FinancialLedgerEntryScalarFieldEnum | FinancialLedgerEntryScalarFieldEnum[]'.
src/lib/services/intelligence/revenue-intelligence.service.ts(143,9): error TS2353: Object literal may only specify known properties, and 'customerId' does not exist in type 'FinancialLedgerEntryWhereInput'.
src/lib/services/intelligence/revenue-intelligence.service.ts(151,24): error TS2339: Property 'customerId' does not exist on type 'PickEnumerable<FinancialLedgerEntryGroupByOutputType, FinancialLedgerEntryScalarFieldEnum | FinancialLedgerEntryScalarFieldEnum[]> & { ...; }'.
src/lib/services/intelligence/revenue-intelligence.service.ts(152,19): error TS18048: 'cr._sum' is possibly 'undefined'.
src/lib/services/intelligence/revenue-intelligence.service.ts(188,7): error TS2322: Type '"customerId"[]' is not assignable to type 'FinancialLedgerEntryScalarFieldEnum | FinancialLedgerEntryScalarFieldEnum[]'.
src/lib/services/intelligence/revenue-intelligence.service.ts(192,9): error TS2353: Object literal may only specify known properties, and 'customerId' does not exist in type 'FinancialLedgerEntryWhereInput'.
src/lib/services/intelligence/revenue-intelligence.service.ts(212,65): error TS18048: 'c._sum' is possibly 'undefined'.
src/lib/services/intelligence/revenue-intelligence.service.ts(235,7): error TS2322: Type '"customerId"[]' is not assignable to type 'FinancialLedgerEntryScalarFieldEnum | FinancialLedgerEntryScalarFieldEnum[]'.
src/lib/services/intelligence/revenue-intelligence.service.ts(239,9): error TS2353: Object literal may only specify known properties, and 'customerId' does not exist in type 'FinancialLedgerEntryWhereInput'.
src/lib/services/intelligence/revenue-intelligence.service.ts(255,7): error TS2322: Type '"customerId"[]' is not assignable to type 'FinancialLedgerEntryScalarFieldEnum | FinancialLedgerEntryScalarFieldEnum[]'.
src/lib/services/intelligence/revenue-intelligence.service.ts(259,56): error TS2339: Property 'customerId' does not exist on type 'PickEnumerable<FinancialLedgerEntryGroupByOutputType, FinancialLedgerEntryScalarFieldEnum | FinancialLedgerEntryScalarFieldEnum[]> & { ...; }'.
src/lib/services/intelligence/revenue-intelligence.service.ts(259,9): error TS2353: Object literal may only specify known properties, and 'customerId' does not exist in type 'FinancialLedgerEntryWhereInput'.
src/lib/services/intelligence/revenue-intelligence.service.ts(266,38): error TS2339: Property 'customerId' does not exist on type 'PickEnumerable<FinancialLedgerEntryGroupByOutputType, FinancialLedgerEntryScalarFieldEnum | FinancialLedgerEntryScalarFieldEnum[]> & { ...; }'.
src/lib/services/intelligence/revenue-intelligence.service.ts(266,52): error TS18048: 'pr._sum' is possibly 'undefined'.
src/lib/services/intelligence/revenue-intelligence.service.ts(280,54): error TS2339: Property 'customerId' does not exist on type 'PickEnumerable<FinancialLedgerEntryGroupByOutputType, FinancialLedgerEntryScalarFieldEnum | FinancialLedgerEntryScalarFieldEnum[]> & { ...; }'.
src/lib/services/intelligence/revenue-intelligence.service.ts(289,29): error TS2339: Property 'customerId' does not exist on type 'PickEnumerable<FinancialLedgerEntryGroupByOutputType, FinancialLedgerEntryScalarFieldEnum | FinancialLedgerEntryScalarFieldEnum[]> & { ...; }'.
src/lib/services/intelligence/revenue-intelligence.service.ts(290,24): error TS18048: 'cr._sum' is possibly 'undefined'.
src/lib/services/intelligence/revenue-intelligence.service.ts(325,9): error TS2353: Object literal may only specify known properties, and 'customerId' does not exist in type 'FinancialLedgerEntryWhereInput'.
src/lib/services/intelligence/revenue-intelligence.service.ts(330,33): error TS18048: 'newCustomerRevenueResult._sum' is possibly 'undefined'.
src/lib/services/intelligence/revenue-intelligence.service.ts(340,9): error TS2322: Type '"customerId"[]' is not assignable to type 'FinancialLedgerEntryScalarFieldEnum | FinancialLedgerEntryScalarFieldEnum[]'.
src/lib/services/intelligence/revenue-intelligence.service.ts(344,11): error TS2353: Object literal may only specify known properties, and 'customerId' does not exist in type 'FinancialLedgerEntryWhereInput'.
src/lib/services/intelligence/revenue-intelligence.service.ts(349,9): error TS2322: Type '"customerId"[]' is not assignable to type 'FinancialLedgerEntryScalarFieldEnum | FinancialLedgerEntryScalarFieldEnum[]'.
src/lib/services/intelligence/revenue-intelligence.service.ts(353,11): error TS2353: Object literal may only specify known properties, and 'customerId' does not exist in type 'FinancialLedgerEntryWhereInput'.
src/lib/services/intelligence/revenue-intelligence.service.ts(360,45): error TS2339: Property 'customerId' does not exist on type 'PickEnumerable<FinancialLedgerEntryGroupByOutputType, FinancialLedgerEntryScalarFieldEnum | FinancialLedgerEntryScalarFieldEnum[]> & { ...; }'.
src/lib/services/intelligence/revenue-intelligence.service.ts(360,59): error TS18048: 'cr._sum' is possibly 'undefined'.
src/lib/services/intelligence/revenue-intelligence.service.ts(363,46): error TS2339: Property 'customerId' does not exist on type 'PickEnumerable<FinancialLedgerEntryGroupByOutputType, FinancialLedgerEntryScalarFieldEnum | FinancialLedgerEntryScalarFieldEnum[]> & { ...; }'.
src/lib/services/intelligence/revenue-intelligence.service.ts(363,60): error TS18048: 'pr._sum' is possibly 'undefined'.
src/lib/services/intelligence/revenue-intelligence.service.ts(95,9): error TS2322: Type '"SUBSCRIPTION_CHARGE"' is not assignable to type 'BillingEventType | EnumBillingEventTypeFilter<"FinancialLedgerEntry"> | undefined'.
src/lib/services/inventory-ledger.service.ts(173,9): error TS2322: Type 'string | null' is not assignable to type 'string | undefined'.
src/lib/services/sale-item-status.service.ts(274,7): error TS2820: Type '"ITEM_CREATED"' is not assignable to type 'TicketEventType'. Did you mean '"ITEM_READY"'?
src/lib/services/sale-item-status.service.ts(416,7): error TS2322: Type 'ItemStatus | null' is not assignable to type 'ItemStatus'.
src/lib/services/watchdog/operational/operational-alert-engine.service.ts(241,11): error TS7034: Variable 'urgentActions' implicitly has type 'any[]' in some locations where its type cannot be determined.
src/lib/services/watchdog/operational/operational-alert-engine.service.ts(257,7): error TS7005: Variable 'urgentActions' implicitly has an 'any[]' type.
src/lib/services/watchdog/operational/service-quality-watchdog.service.ts(141,11): error TS2353: Object literal may only specify known properties, and 'branchId' does not exist in type 'MarketplaceOrderWhereInput'.
src/lib/services/watchdog/payment-watchdog.service.ts(225,9): error TS2322: Type '"PAID"' is not assignable to type 'PaymentTransactionStatus | EnumPaymentTransactionStatusFilter<"PaymentTransaction"> | undefined'.
src/lib/services/watchdog/payment-watchdog.service.ts(91,11): error TS2353: Object literal may only specify known properties, and 'provider' does not exist in type 'PaymentTransactionWhereInput'.
src/lib/services/watchdog/queue-watchdog.service.ts(277,28): error TS2304: Cannot find name 'getQueue'.
src/lib/services/watchdog/queue-watchdog.service.ts(278,33): error TS2304: Cannot find name 'getQueue'.
src/lib/services/watchdog/queue-watchdog.service.ts(303,28): error TS2304: Cannot find name 'getQueue'.
src/lib/services/watchdog/queue-watchdog.service.ts(304,33): error TS2304: Cannot find name 'getQueue'.
src/lib/services/watchdog/reconciliation-watchdog.service.ts(144,9): error TS2353: Object literal may only specify known properties, and 'amount' does not exist in type 'FinancialLedgerEntrySelect<DefaultArgs>'.
src/lib/services/watchdog/reconciliation-watchdog.service.ts(169,31): error TS2339: Property 'amount' does not exist on type '{ domain: LedgerDomain; idempotencyKey: string | null; id: string; paymentMethod: PaymentMethod | null; status: PaymentTransactionStatus | null; ... 16 more ...; occurredAt: Date; }'.
src/lib/services/watchdog/reconciliation-watchdog.service.ts(170,29): error TS2339: Property 'type' does not exist on type '{ domain: LedgerDomain; idempotencyKey: string | null; id: string; paymentMethod: PaymentMethod | null; status: PaymentTransactionStatus | null; ... 16 more ...; occurredAt: Date; }'.
src/lib/services/watchdog/reconciliation-watchdog.service.ts(191,31): error TS2339: Property 'amount' does not exist on type '{ domain: LedgerDomain; idempotencyKey: string | null; id: string; paymentMethod: PaymentMethod | null; status: PaymentTransactionStatus | null; ... 16 more ...; occurredAt: Date; }'.
src/lib/services/watchdog/reconciliation-watchdog.service.ts(192,29): error TS2339: Property 'type' does not exist on type '{ domain: LedgerDomain; idempotencyKey: string | null; id: string; paymentMethod: PaymentMethod | null; status: PaymentTransactionStatus | null; ... 16 more ...; occurredAt: Date; }'.
src/lib/services/watchdog/revenue-watchdog.service.ts(267,7): error TS2322: Type '"customerId"[]' is not assignable to type 'FinancialLedgerEntryScalarFieldEnum | FinancialLedgerEntryScalarFieldEnum[]'.
src/lib/services/watchdog/revenue-watchdog.service.ts(269,9): error TS2353: Object literal may only specify known properties, and 'type' does not exist in type 'FinancialLedgerEntryWhereInput'.
src/lib/services/watchdog/revenue-watchdog.service.ts(278,9): error TS2353: Object literal may only specify known properties, and 'amount' does not exist in type 'FinancialLedgerEntrySumAggregateInputType'.
src/lib/services/watchdog/revenue-watchdog.service.ts(282,11): error TS2322: Type '{ _sum: { amount: string; }; }' is not assignable to type 'FinancialLedgerEntryOrderByWithAggregationInput | FinancialLedgerEntryOrderByWithAggregationInput[] | undefined'.
src/lib/services/watchdog/revenue-watchdog.service.ts(290,24): error TS2532: Object is possibly 'undefined'.
src/lib/services/watchdog/revenue-watchdog.service.ts(290,51): error TS2339: Property 'amount' does not exist on type '{ amountCents?: number | null | undefined; vatAmountCents?: number | null | undefined; exVatAmountCents?: number | null | undefined; gatewayFeeCents?: number | null | undefined; platformFeeCents?: number | ... 1 more ... | undefined; netAmountCents?: number | ... 1 more ... | undefined; }'.
src/lib/services/watchdog/revenue-watchdog.service.ts(368,9): error TS2353: Object literal may only specify known properties, and 'type' does not exist in type 'FinancialLedgerEntryWhereInput'.
src/lib/services/watchdog/revenue-watchdog.service.ts(375,9): error TS2353: Object literal may only specify known properties, and 'amount' does not exist in type 'FinancialLedgerEntrySumAggregateInputType'.
src/lib/services/watchdog/revenue-watchdog.service.ts(379,12): error TS18048: 'result._sum' is possibly 'undefined'.
src/lib/services/watchdog/revenue-watchdog.service.ts(379,24): error TS2339: Property 'amount' does not exist on type '{ amountCents?: number | null | undefined; vatAmountCents?: number | null | undefined; exVatAmountCents?: number | null | undefined; gatewayFeeCents?: number | null | undefined; platformFeeCents?: number | ... 1 more ... | undefined; netAmountCents?: number | ... 1 more ... | undefined; }'.
src/lib/services/watchdog/revenue-watchdog.service.ts(395,13): error TS2322: Type '"SUBSCRIPTION_CHARGE"' is not assignable to type 'BillingEventType | EnumBillingEventTypeFilter<"FinancialLedgerEntry"> | undefined'.
src/lib/services/watchdog/revenue-watchdog.service.ts(402,13): error TS2322: Type '"SUBSCRIPTION_CHARGE"' is not assignable to type 'BillingEventType | EnumBillingEventTypeFilter<"FinancialLedgerEntry"> | undefined'.
src/lib/services/watchdog/revenue-watchdog.service.ts(409,20): error TS18048: 'currentMRR._sum' is possibly 'undefined'.
src/lib/services/watchdog/revenue-watchdog.service.ts(410,24): error TS18048: 'lastMRR._sum' is possibly 'undefined'.
src/lib/services/watchdog/subscription-watchdog.service.ts(100,16): error TS2339: Property 'currentPeriodEnd' does not exist on type '{ id: string; paymentMethod: PaymentMethod; paymentReference: string | null; status: SubscriptionStatus; createdAt: Date; updatedAt: Date; ... 7 more ...; isAutoRenew: boolean; }'.
src/lib/services/watchdog/subscription-watchdog.service.ts(100,38): error TS2339: Property 'currentPeriodEnd' does not exist on type '{ id: string; paymentMethod: PaymentMethod; paymentReference: string | null; status: SubscriptionStatus; createdAt: Date; updatedAt: Date; ... 7 more ...; isAutoRenew: boolean; }'.
src/lib/services/watchdog/subscription-watchdog.service.ts(104,70): error TS2339: Property 'plan' does not exist on type '{ id: string; paymentMethod: PaymentMethod; paymentReference: string | null; status: SubscriptionStatus; createdAt: Date; updatedAt: Date; ... 7 more ...; isAutoRenew: boolean; }'.
src/lib/services/watchdog/subscription-watchdog.service.ts(105,70): error TS2339: Property 'plan' does not exist on type '{ id: string; paymentMethod: PaymentMethod; paymentReference: string | null; status: SubscriptionStatus; createdAt: Date; updatedAt: Date; ... 7 more ...; isAutoRenew: boolean; }'.
src/lib/services/watchdog/subscription-watchdog.service.ts(106,72): error TS2339: Property 'plan' does not exist on type '{ id: string; paymentMethod: PaymentMethod; paymentReference: string | null; status: SubscriptionStatus; createdAt: Date; updatedAt: Date; ... 7 more ...; isAutoRenew: boolean; }'.
src/lib/services/watchdog/subscription-watchdog.service.ts(190,16): error TS2322: Type '"GRACE"' is not assignable to type 'SubscriptionStatus'.
src/lib/services/watchdog/subscription-watchdog.service.ts(190,25): error TS2322: Type '"PAST_DUE"' is not assignable to type 'SubscriptionStatus'.
src/lib/services/watchdog/subscription-watchdog.service.ts(69,16): error TS2322: Type '"GRACE"' is not assignable to type 'SubscriptionStatus'.
src/lib/services/watchdog/subscription-watchdog.service.ts(69,25): error TS2322: Type '"PAST_DUE"' is not assignable to type 'SubscriptionStatus'.
src/lib/services/watchdog/subscription-watchdog.service.ts(79,13): error TS2353: Object literal may only specify known properties, and 'price' does not exist in type 'PlanSelect<DefaultArgs>'.
src/lib/services/watchdog/subscription-watchdog.service.ts(94,16): error TS2339: Property 'currentPeriodEnd' does not exist on type '{ id: string; paymentMethod: PaymentMethod; paymentReference: string | null; status: SubscriptionStatus; createdAt: Date; updatedAt: Date; ... 7 more ...; isAutoRenew: boolean; }'.
src/lib/services/watchdog/subscription-watchdog.service.ts(94,38): error TS2339: Property 'currentPeriodEnd' does not exist on type '{ id: string; paymentMethod: PaymentMethod; paymentReference: string | null; status: SubscriptionStatus; createdAt: Date; updatedAt: Date; ... 7 more ...; isAutoRenew: boolean; }'.
src/lib/services/watchdog/subscription-watchdog.service.ts(97,16): error TS2339: Property 'currentPeriodEnd' does not exist on type '{ id: string; paymentMethod: PaymentMethod; paymentReference: string | null; status: SubscriptionStatus; createdAt: Date; updatedAt: Date; ... 7 more ...; isAutoRenew: boolean; }'.
src/lib/services/watchdog/subscription-watchdog.service.ts(97,38): error TS2339: Property 'currentPeriodEnd' does not exist on type '{ id: string; paymentMethod: PaymentMethod; paymentReference: string | null; status: SubscriptionStatus; createdAt: Date; updatedAt: Date; ... 7 more ...; isAutoRenew: boolean; }'.
src/pages/_error.tsx(2,39): error TS2305: Module '"@/lib/i18n"' has no exported member 'defaultLocale'.
src/pages/api/addons/ai-credits/purchase.ts(113,17): error TS2304: Cannot find name 'requiresActiveSubscription'.
src/pages/api/addons/site-builder/purchase.ts(105,33): error TS2345: Argument of type '"hasSiteBuilder"' is not assignable to parameter of type 'keyof PlanEntitlements'.
src/pages/api/ai/brand-assistant.ts(76,32): error TS2345: Argument of type '"hasAIAssistant"' is not assignable to parameter of type 'keyof PlanEntitlements'.
src/pages/api/ai/cost-anomalies.ts(62,32): error TS2345: Argument of type '"hasAICostAnomalies"' is not assignable to parameter of type 'keyof PlanEntitlements'.
src/pages/api/analytics/peak-hours.ts(87,33): error TS2345: Argument of type '"hasPeakHoursAnalytics"' is not assignable to parameter of type 'keyof PlanEntitlements'.
src/pages/api/auth/resend-otp.ts(94,16): error TS2353: Object literal may only specify known properties, and 'pendingToken' does not exist in type 'UserLoginOtpWhereUniqueInput'.
src/pages/api/branches/index.ts(20,30): error TS2339: Property 'getBranchCount' does not exist on type 'typeof BranchService'.
src/pages/api/campaigns.ts(104,32): error TS2345: Argument of type '"hasMarketing"' is not assignable to parameter of type 'keyof PlanEntitlements'.
src/pages/api/campaigns/[id]/send.ts(61,32): error TS2345: Argument of type '"hasMarketing"' is not assignable to parameter of type 'keyof PlanEntitlements'.
src/pages/api/cron/summary-daily.ts(30,50): error TS2345: Argument of type 'DailyExecutiveSummary' is not assignable to parameter of type 'Record<string, unknown>'.
src/pages/api/cron/watchdog-customer.ts(30,44): error TS2345: Argument of type 'WatchdogResult' is not assignable to parameter of type 'Record<string, unknown>'.
src/pages/api/cron/watchdog-payment.ts(30,43): error TS2345: Argument of type 'WatchdogResult' is not assignable to parameter of type 'Record<string, unknown>'.
src/pages/api/cron/watchdog-queue.ts(30,41): error TS2345: Argument of type 'WatchdogResult' is not assignable to parameter of type 'Record<string, unknown>'.
src/pages/api/cron/watchdog-reconciliation.ts(30,50): error TS2345: Argument of type 'WatchdogResult' is not assignable to parameter of type 'Record<string, unknown>'.
src/pages/api/cron/watchdog-revenue.ts(30,43): error TS2345: Argument of type 'WatchdogResult' is not assignable to parameter of type 'Record<string, unknown>'.
src/pages/api/cron/watchdog-subscription.ts(30,48): error TS2345: Argument of type 'WatchdogResult' is not assignable to parameter of type 'Record<string, unknown>'.
src/pages/api/customers/[id]/favorites.ts(59,33): error TS2345: Argument of type '"hasCRM"' is not assignable to parameter of type 'keyof PlanEntitlements'.
src/pages/api/customers/[id]/orders.ts(36,33): error TS2345: Argument of type '"hasCRM"' is not assignable to parameter of type 'keyof PlanEntitlements'.
src/pages/api/dashboard/ceo.ts(178,11): error TS2322: Type '"SUBSCRIPTION_CHARGE"' is not assignable to type 'BillingEventType | EnumBillingEventTypeFilter<"FinancialLedgerEntry"> | undefined'.
src/pages/api/dashboard/ceo.ts(188,11): error TS2322: Type '"SUBSCRIPTION_CHARGE"' is not assignable to type 'BillingEventType | EnumBillingEventTypeFilter<"FinancialLedgerEntry"> | undefined'.
src/pages/api/dashboard/ceo.ts(198,18): error TS18048: 'currentMRR._sum' is possibly 'undefined'.
src/pages/api/dashboard/ceo.ts(199,22): error TS18048: 'lastMonthMRR._sum' is possibly 'undefined'.
src/pages/api/dashboard/ceo.ts(286,7): error TS2322: Type '"customerId"[]' is not assignable to type 'FinancialLedgerEntryScalarFieldEnum | FinancialLedgerEntryScalarFieldEnum[]'.
src/pages/api/dashboard/ceo.ts(290,9): error TS2353: Object literal may only specify known properties, and 'customerId' does not exist in type 'FinancialLedgerEntryWhereInput'.
src/pages/api/dashboard/ceo.ts(297,71): error TS18048: 'c._sum' is possibly 'undefined'.
src/pages/api/dashboard/ceo.ts(360,11): error TS2322: Type '"SUBSCRIPTION_CHARGE"' is not assignable to type 'BillingEventType | EnumBillingEventTypeFilter<"FinancialLedgerEntry"> | undefined'.
src/pages/api/dashboard/ceo.ts(367,11): error TS2322: Type '"SUBSCRIPTION_CHARGE"' is not assignable to type 'BillingEventType | EnumBillingEventTypeFilter<"FinancialLedgerEntry"> | undefined'.
src/pages/api/dashboard/ceo.ts(374,18): error TS18048: 'currentMRR._sum' is possibly 'undefined'.
src/pages/api/dashboard/ceo.ts(375,22): error TS18048: 'lastMRR._sum' is possibly 'undefined'.
src/pages/api/dashboard/ceo.ts(605,23): error TS2362: The left-hand side of an arithmetic operation must be of type 'any', 'number', 'bigint' or an enum type.
src/pages/api/dashboard/ceo.ts(605,39): error TS2363: The right-hand side of an arithmetic operation must be of type 'any', 'number', 'bigint' or an enum type.
src/pages/api/dashboard/ceo.ts(616,12): error TS2365: Operator '<' cannot be applied to types 'BranchHealthScore' and 'number'.
src/pages/api/dashboard/ceo.ts(626,12): error TS2365: Operator '>=' cannot be applied to types 'BranchHealthScore' and 'number'.
src/pages/api/die/analytics/procurement.ts(38,32): error TS2345: Argument of type '"hasProcurementAnalytics"' is not assignable to parameter of type 'keyof PlanEntitlements'.
src/pages/api/die/documents/[id]/apply.ts(149,79): error TS2339: Property 'unit' does not exist on type '{}'.
src/pages/api/die/documents/[id]/apply.ts(156,67): error TS2339: Property 'unit' does not exist on type '{}'.
src/pages/api/die/documents/[id]/items.ts(101,74): error TS2339: Property 'productName' does not exist on type '{}'.
src/pages/api/die/documents/[id]/items.ts(102,53): error TS2339: Property 'productName' does not exist on type '{}'.
src/pages/api/die/documents/[id]/items.ts(114,33): error TS2339: Property 'productName' does not exist on type '{}'.
src/pages/api/inventory/[id].ts(49,33): error TS2345: Argument of type '"hasInventory"' is not assignable to parameter of type 'keyof PlanEntitlements'.
src/pages/api/inventory/index.ts(48,33): error TS2345: Argument of type '"hasInventory"' is not assignable to parameter of type 'keyof PlanEntitlements'.
src/pages/api/kitchen/update-status.ts(163,51): error TS2345: Argument of type '"NEW" | "PREPARING" | "READY" | "DELIVERED" | null' is not assignable to parameter of type 'ItemStatus'.
src/pages/api/marketplace/orders.ts(60,33): error TS2345: Argument of type '"hasMarketplace"' is not assignable to parameter of type 'keyof PlanEntitlements'.
src/pages/api/marketplace/products.ts(52,32): error TS2345: Argument of type '"hasMarketplace"' is not assignable to parameter of type 'keyof PlanEntitlements'.
src/pages/api/menu/ask.ts(128,32): error TS2345: Argument of type '"hasAIMenuAssistant"' is not assignable to parameter of type 'keyof PlanEntitlements'.
src/pages/api/menu/recommendations.ts(184,32): error TS2345: Argument of type '"hasAIMenuAssistant"' is not assignable to parameter of type 'keyof PlanEntitlements'.
src/pages/api/menu-items/[id]/translations.ts(45,32): error TS2345: Argument of type '"hasMultiLanguageMenus"' is not assignable to parameter of type 'keyof PlanEntitlements'.
src/pages/api/orders/[id]/add-items.ts(191,32): error TS2345: Argument of type '"hasOrders"' is not assignable to parameter of type 'keyof PlanEntitlements'.
src/pages/api/orders/[id]/confirm-payment.ts(129,33): error TS2345: Argument of type '"hasOrders"' is not assignable to parameter of type 'keyof PlanEntitlements'.
src/pages/api/orders/[id]/status.ts(89,33): error TS2345: Argument of type '"hasOrders"' is not assignable to parameter of type 'keyof PlanEntitlements'.
src/pages/api/orders/calculate-fee.ts(33,32): error TS2345: Argument of type '"hasOrders"' is not assignable to parameter of type 'keyof PlanEntitlements'.
src/pages/api/orders/unified.ts(63,33): error TS2345: Argument of type '"hasOrders"' is not assignable to parameter of type 'keyof PlanEntitlements'.
src/pages/api/payments/irembo/initiate-momo.ts(107,33): error TS2345: Argument of type '"hasPayments"' is not assignable to parameter of type 'keyof PlanEntitlements'.
src/pages/api/payments/irembo/status.ts(82,33): error TS2345: Argument of type '"hasPayments"' is not assignable to parameter of type 'keyof PlanEntitlements'.
src/pages/api/payments/momo/initiate.ts(42,9): error TS2367: This comparison appears to be unintentional because the types 'PaymentStatus' and '"SUCCESS"' have no overlap.
src/pages/api/payments/mtn-momo/callback.ts(4,10): error TS2724: '"@prisma/client"' has no exported member named 'PaymentProviderType'. Did you mean 'PaymentProvider'?
src/pages/api/payments/mtn-momo/callback.ts(93,28): error TS2339: Property 'PAYMENT_PENDING' does not exist on type '{ PAYMENT_INITIATED: "PAYMENT_INITIATED"; PAYMENT_PROCESSING: "PAYMENT_PROCESSING"; PAYMENT_SUCCESS: "PAYMENT_SUCCESS"; PAYMENT_FAILED: "PAYMENT_FAILED"; PAYMENT_CANCELLED: "PAYMENT_CANCELLED"; ... 5 more ...; REMINDER_SENT: "REMINDER_SENT"; }'.
src/pages/api/purchase-orders/[id].ts(77,32): error TS2345: Argument of type '"hasPurchaseOrders"' is not assignable to parameter of type 'keyof PlanEntitlements'.
src/pages/api/purchase-orders/index.ts(109,32): error TS2345: Argument of type '"hasPurchaseOrders"' is not assignable to parameter of type 'keyof PlanEntitlements'.
src/pages/api/qr/designs/[id].ts(86,32): error TS2345: Argument of type '"hasQRCodes"' is not assignable to parameter of type 'keyof PlanEntitlements'.
src/pages/api/qr/designs/index.ts(106,32): error TS2345: Argument of type '"hasQRCodes"' is not assignable to parameter of type 'keyof PlanEntitlements'.
src/pages/api/qr/generate.ts(95,32): error TS2345: Argument of type '"hasQRCodes"' is not assignable to parameter of type 'keyof PlanEntitlements'.
src/pages/api/qr/templates.ts(21,32): error TS2345: Argument of type '"hasQRCodes"' is not assignable to parameter of type 'keyof PlanEntitlements'.
src/pages/api/reports/close-day.ts(149,18): error TS18048: 'r._count' is possibly 'undefined'.
src/pages/api/reports/close-day.ts(149,27): error TS2339: Property 'id' does not exist on type 'true | { id?: number | undefined; businessId?: number | undefined; customerId?: number | undefined; customerName?: number | undefined; customerPhone?: number | undefined; customerEmail?: number | undefined; ... 21 more ...; _all?: number | undefined; }'.
src/pages/api/reports/close-day.ts(91,11): error TS2353: Object literal may only specify known properties, and 'date' does not exist in type 'ReservationWhereInput'.
src/pages/api/reservations/[id].ts(65,11): error TS2322: Type 'Date | null' is not assignable to type 'Date | undefined'.
src/pages/api/supplier/orders.ts(136,32): error TS2345: Argument of type '"hasSupplierOrders"' is not assignable to parameter of type 'keyof PlanEntitlements'.
src/pages/api/supplier/orders/[id]/deliver.ts(85,32): error TS2345: Argument of type '"hasSupplierOrders"' is not assignable to parameter of type 'keyof PlanEntitlements'.
src/pages/api/supplier/orders/[id]/status.ts(127,32): error TS2345: Argument of type '"hasSupplierOrders"' is not assignable to parameter of type 'keyof PlanEntitlements'.
src/pages/api/supplier/products.ts(81,32): error TS2345: Argument of type '"hasSupplierMarketplace"' is not assignable to parameter of type 'keyof PlanEntitlements'.
src/pages/api/supplier-payouts/[id].ts(73,33): error TS2345: Argument of type '"hasSupplierMarketplace"' is not assignable to parameter of type 'keyof PlanEntitlements'.
src/pages/api/supplier-payouts/index.ts(90,33): error TS2345: Argument of type '"hasSupplierMarketplace"' is not assignable to parameter of type 'keyof PlanEntitlements'.
src/pages/api/tables/[id].ts(134,33): error TS2345: Argument of type '"hasTables"' is not assignable to parameter of type 'keyof PlanEntitlements'.
src/pages/api/tables/[id]/seats/index.ts(41,33): error TS2345: Argument of type '"hasTables"' is not assignable to parameter of type 'keyof PlanEntitlements'.
src/pages/api/tables/index.ts(118,33): error TS2345: Argument of type '"hasTables"' is not assignable to parameter of type 'keyof PlanEntitlements'.
src/pages/api/tables/list.ts(56,32): error TS2345: Argument of type '"hasTables"' is not assignable to parameter of type 'keyof PlanEntitlements'.
src/pages/api/tables/lookup.ts(62,32): error TS2345: Argument of type '"hasTables"' is not assignable to parameter of type 'keyof PlanEntitlements'.
src/pages/api/transactions/index.ts(64,33): error TS2345: Argument of type '"hasPayments"' is not assignable to parameter of type 'keyof PlanEntitlements'.
src/pages/index.tsx(401,65): error TS2345: Argument of type '{ n: string; }' is not assignable to parameter of type 'string'.
src/pages/refer/index.tsx(48,222): error TS2554: Expected 1-2 arguments, but got 3.
test-daily-briefing.ts(154,54): error TS2339: Property 'customersServed' does not exist on type 'TodaySnapshot'.
test-daily-briefing.ts(155,55): error TS2339: Property 'averageTicket' does not exist on type 'TodaySnapshot'.
test-daily-briefing-complete.ts(36,9): error TS2353: Object literal may only specify known properties, and 'customRange' does not exist in type 'BriefingSelection'.
test-daily-briefing-complete.ts(73,9): error TS2353: Object literal may only specify known properties, and 'customRange' does not exist in type 'BriefingSelection'.
test-daily-briefing-debug.ts(105,43): error TS2339: Property 'stage' does not exist on type 'never'.
test-daily-briefing-debug.ts(105,57): error TS2339: Property 'code' does not exist on type 'never'.
test-daily-briefing-debug.ts(105,70): error TS2339: Property 'message' does not exist on type 'never'.
test-daily-briefing-debug.ts(117,68): error TS2339: Property 'stage' does not exist on type 'never'.
test-daily-briefing-debug.ts(87,53): error TS2345: Argument of type '{ businessId: string; timeRange: { start: string; end: string; label: string; }; timezone: string; locale: string; scope: { scoring: boolean; problems: boolean; highlights: boolean; patterns: boolean; recommendations: boolean; staff: boolean; kitchen: boolean; customerJourney: boolean; }; cache: Map<...>; config: {}...' is not assignable to parameter of type 'PipelineContext'.
test-daily-briefing-export.ts(36,9): error TS2353: Object literal may only specify known properties, and 'customRange' does not exist in type 'BriefingSelection'.
test-daily-briefing-july14.ts(34,9): error TS2353: Object literal may only specify known properties, and 'customRange' does not exist in type 'BriefingSelection'.
test-hospitality-knowledge.ts(18,48): error TS2307: Cannot find module './src/lib/hospitality-memory/service' or its corresponding type declarations.
test-hospitality-knowledge.ts(19,45): error TS2307: Cannot find module './src/lib/hospitality-memory/repository' or its corresponding type declarations.
test-hospitality-knowledge.ts(20,51): error TS2307: Cannot find module './src/lib/hospitality-knowledge/service' or its corresponding type declarations.
test-hospitality-knowledge.ts(21,60): error TS2307: Cannot find module './src/lib/hospitality-knowledge/dashboard-builder' or its corresponding type declarations.
test-hospitality-knowledge.ts(22,48): error TS2307: Cannot find module './src/lib/hospitality-knowledge/repository' or its corresponding type declarations.
test-hospitality-knowledge.ts(222,57): error TS7006: Parameter 'k' implicitly has an 'any' type.
test-hospitality-knowledge.ts(223,59): error TS7006: Parameter 'k' implicitly has an 'any' type.
test-hospitality-knowledge.ts(224,65): error TS7006: Parameter 'k' implicitly has an 'any' type.
test-hospitality-knowledge.ts(228,36): error TS7006: Parameter 'k' implicitly has an 'any' type.
test-hospitality-knowledge.ts(232,36): error TS7006: Parameter 'k' implicitly has an 'any' type.
test-hospitality-knowledge.ts(309,32): error TS7006: Parameter 'n' implicitly has an 'any' type.
test-hospitality-knowledge.ts(33,8): error TS2307: Cannot find module './src/lib/hospitality-knowledge' or its corresponding type declarations.
test-hospitality-knowledge.ts(338,62): error TS7006: Parameter 'k' implicitly has an 'any' type.
test-hospitality-memory-hardening.ts(10,57): error TS2307: Cannot find module './src/lib/hospitality-memory/dashboard-builder' or its corresponding type declarations.
test-hospitality-memory-hardening.ts(100,42): error TS7006: Parameter 'memory' implicitly has an 'any' type.
test-hospitality-memory-hardening.ts(11,45): error TS2307: Cannot find module './src/lib/hospitality-memory/repository' or its corresponding type declarations.
test-hospitality-memory-hardening.ts(9,48): error TS2307: Cannot find module './src/lib/hospitality-memory/service' or its corresponding type declarations.
test-kitchen-intelligence.ts(13,47): error TS2339: Property 'createKitchenDashboardBuilder' does not exist on type 'typeof import("C:/Dev/ImboniResto/src/lib/kitchen-intelligence/index")'.
test-kitchen-intelligence.ts(32,7): error TS2353: Object literal may only specify known properties, and 'selection' does not exist in type 'KitchenIntelligenceRequest'.
test-kitchen-intelligence.ts(49,56): error TS2339: Property 'eventsAnalyzed' does not exist on type 'KitchenIntelligenceReport'.
test-kitchen-intelligence.ts(50,53): error TS2339: Property 'metrics' does not exist on type 'KitchenIntelligenceReport'.
test-kitchen-intelligence.ts(51,49): error TS2339: Property 'stationPerformance' does not exist on type 'KitchenIntelligenceReport'.
test-kitchen-intelligence.ts(53,57): error TS2339: Property 'recipeComplexity' does not exist on type 'KitchenIntelligenceReport'.
test-kitchen-intelligence.ts(54,58): error TS2339: Property 'delays' does not exist on type 'KitchenIntelligenceReport'.
test-kitchen-intelligence.ts(55,49): error TS2339: Property 'insights' does not exist on type 'KitchenIntelligenceReport'.
test-kitchen-intelligence.ts(56,60): error TS2339: Property 'metrics' does not exist on type 'KitchenIntelligenceReport'.
test-kitchen-intelligence.ts(57,65): error TS2339: Property 'metrics' does not exist on type 'KitchenIntelligenceReport'.
test-kitchen-intelligence-v2.ts(21,32): error TS7006: Parameter 'r' implicitly has an 'any' type.
test-kitchen-intelligence-v2.ts(7,45): error TS2307: Cannot find module './src/lib/intelligence/validation-framework.js' or its corresponding type declarations.
test-kitchen-intelligence-v2.ts(8,52): error TS2307: Cannot find module './src/lib/kitchen-intelligence/service-v2.js' or its corresponding type declarations.
test-kitchen-intelligence-v2.ts(9,49): error TS2307: Cannot find module './src/lib/kitchen-intelligence/dashboard-builder-v2.js' or its corresponding type declarations.
test-menu-intelligence.ts(11,10): error TS2724: '"./src/lib/menu-intelligence/dashboard-builder"' has no exported member named 'createMenuDashboardBuilder'. Did you mean 'createDashboardBuilder'?
test-menu-intelligence.ts(9,45): error TS2307: Cannot find module './src/lib/intelligence/validation-framework' or its corresponding type declarations.
test-restaurant-memory.ts(7,45): error TS2307: Cannot find module './src/lib/intelligence/validation-framework' or its corresponding type declarations.
test-restaurant-memory.ts(8,47): error TS2307: Cannot find module './src/lib/restaurant-memory/service' or its corresponding type declarations.
test-restaurant-memory.ts(9,46): error TS2307: Cannot find module './src/lib/restaurant-memory/dashboard-builder' or its corresponding type declarations.
test-service-intelligence.ts(107,42): error TS7006: Parameter 'peak' implicitly has an 'any' type.
test-service-intelligence.ts(107,48): error TS7006: Parameter 'i' implicitly has an 'any' type.
test-service-intelligence.ts(6,81): error TS2307: Cannot find module './src/lib/service-intelligence' or its corresponding type declarations.
test-service-intelligence.ts(90,39): error TS7006: Parameter 'insight' implicitly has an 'any' type.
test-service-intelligence.ts(90,48): error TS7006: Parameter 'i' implicitly has an 'any' type.
test-service-intelligence-simple.ts(14,94): error TS2307: Cannot find module './src/lib/service-intelligence/index.js' or its corresponding type declarations.
test-service-intelligence-v2.ts(21,32): error TS7006: Parameter 'r' implicitly has an 'any' type.
test-service-intelligence-v2.ts(7,45): error TS2307: Cannot find module './src/lib/intelligence/validation-framework.js' or its corresponding type declarations.
test-service-intelligence-v2.ts(8,52): error TS2307: Cannot find module './src/lib/service-intelligence/service-v2.js' or its corresponding type declarations.
test-service-intelligence-v2.ts(9,49): error TS2307: Cannot find module './src/lib/service-intelligence/dashboard-builder-v2.js' or its corresponding type declarations.
